set line 200
set pages 50




SQL> --group by를 배움
SQL> --group by란? 말그대로 레코드를 그룹으로 묶는 쿼리
SQL> --묶기 때문에 집계함수와 관련성이 깊다(거의 같이 쓴다)
SQL> --JOB의 이름 및 그 JOB을 맡은 사원의 수를 출력
SQL> select job, count(job) from emp group by job;

JOB                COUNT(JOB)                                                                                                                                                                           
------------------ ----------                                                                                                                                                                           
CLERK                       4                                                                                                                                                                           
SALESMAN                    4                                                                                                                                                                           
PRESIDENT                   1                                                                                                                                                                           
MANAGER                     3                                                                                                                                                                           
ANALYST                     2                                                                                                                                                                           

SQL> --결국 업무별 사원수 및 업무명을 출력하라
SQL> select job from emp;

JOB                                                                                                                                                                                                     
------------------                                                                                                                                                                                      
CLERK                                                                                                                                                                                                   
SALESMAN                                                                                                                                                                                                
SALESMAN                                                                                                                                                                                                
MANAGER                                                                                                                                                                                                 
SALESMAN                                                                                                                                                                                                
MANAGER                                                                                                                                                                                                 
MANAGER                                                                                                                                                                                                 
ANALYST                                                                                                                                                                                                 
PRESIDENT                                                                                                                                                                                               
SALESMAN                                                                                                                                                                                                
CLERK                                                                                                                                                                                                   
CLERK                                                                                                                                                                                                   
ANALYST                                                                                                                                                                                                 
CLERK                                                                                                                                                                                                   

14 rows selected.

SQL> select job as 부서 , count(job) as 사원수 from emp group by job;

부서                   사원수                                                                                                                                                                           
------------------ ----------                                                                                                                                                                           
CLERK                       4                                                                                                                                                                           
SALESMAN                    4                                                                                                                                                                           
PRESIDENT                   1                                                                                                                                                                           
MANAGER                     3                                                                                                                                                                           
ANALYST                     2                                                                                                                                                                           

SQL> --부서번호별 급여의 합, 평균을 출력하시오
SQL> select sum(sal), avg(sal) from emp group by deptno;

  SUM(SAL)   AVG(SAL)                                                                                                                                                                                   
---------- ----------                                                                                                                                                                                   
      9400 1566.66667                                                                                                                                                                                   
     10875       2175                                                                                                                                                                                   
      8750 2916.66667                                                                                                                                                                                   

SQL> select deptno as 부서번호 ,sum(sal) as 급여합, avg(sal) as 급여평균 from emp group by deptno;

  부서번호     급여합   급여평균                                                                                                                                                                        
---------- ---------- ----------                                                                                                                                                                        
        30       9400 1566.66667                                                                                                                                                                        
        20      10875       2175                                                                                                                                                                        
        10       8750 2916.66667                                                                                                                                                                        

SQL> --업무 별 급여의 합, 업무명을 출력하시오
SQL> select sum(sal) as 급여합, job as 업무명 from emp group by job;

    급여합 업무명                                                                                                                                                                                       
---------- ------------------                                                                                                                                                                           
      4150 CLERK                                                                                                                                                                                        
      5600 SALESMAN                                                                                                                                                                                     
      5000 PRESIDENT                                                                                                                                                                                    
      8275 MANAGER                                                                                                                                                                                      
      6000 ANALYST                                                                                                                                                                                      

SQL> --부서번호별 급여의 평균, 부서번호(deptno)를 출력
SQL> select avg(sal) as 급여평균, deptno from emp group by deptno;

  급여평균     DEPTNO                                                                                                                                                                                   
---------- ----------                                                                                                                                                                                   
1566.66667         30                                                                                                                                                                                   
      2175         20                                                                                                                                                                                   
2916.66667         10                                                                                                                                                                                   

SQL> --Adams의 관리자가 소속된 부서의 급여합을 출력하시오
SQL> select sum(sal) as 급여합 from emp where deptno = (select deptno from emp where ename="Adams");
select sum(sal) as 급여합 from emp where deptno = (select deptno from emp where ename="Adams")
                                                                                         *
ERROR at line 1:
ORA-00904: "Adams": invalid identifier 


SQL> select sum(sal) as 급여합 from emp where deptno =
  2  (select deptno from emp where mgr = (select mgr from emp where ename = "ADAMS"));
(select deptno from emp where mgr = (select mgr from emp where ename = "ADAMS"))
                                                                          *
ERROR at line 2:
ORA-00904: "ADAMS": invalid identifier 


SQL> select sum(sal) as 급여합 from emp where deptno =
  2   (select deptno from emp where mgr = (select mgr from emp where ename = 'ADAMS'));

    급여합                                                                                                                                                                                              
----------                                                                                                                                                                                              
     10875                                                                                                                                                                                              

SQL> select sum(sal) as 급여합 from emp where deptno =
  2  (select deptno from emp where empno = (select mgr from emp where ename = 'ADAMS'));

    급여합                                                                                                                                                                                              
----------                                                                                                                                                                                              
     10875                                                                                                                                                                                              

SQL> select sum(sal) as 급여합 from emp where deptno =
  2  (select deptno from emp where empno =
  3  (select empno from emp where mgr =
  4  (select mgr from emp where ename ='ADAMS')));

    급여합                                                                                                                                                                                              
----------                                                                                                                                                                                              
     10875                                                                                                                                                                                              

SQL> spool off


오라클의 SQLplus 툴에는 대량의 데이터를 덤프(한꺼번에)로 읽어들일 수 있는 기능이 숨어있다.
이 기능을 이용하려면,오라클에서만 사용되는 특별한 명력어 파일을 사용해야함 (컨트롤파일 확장자가 ctl)

create table animal(
code number
, category varchar(20)
, name varchar(20)
,location varchar(20)
)

--한번이라도 쿼리를 날린적이 없다면 ed가 안나옴
일부러 에러를 일으키고 사용해라


덤프 테이블 저장>>>>>>>>>>>>>>>>>>>>>>>>>>>>>>>>>>>>>>>>>>>>>>>>>>>>>>>>>>>>>
오라클에 테이블을먼저 만들기
create  table  animal(
   code number
 , category varchar(20)
 , name varchar(20)
 , location varchar(20)
)


C:\Users\silve>cd D:\workspace\database_workspace\dump

C:\Users\silve>d:

D:\workspace\database_workspace\dump>dir
 D 드라이브의 볼륨: 가족공용
 볼륨 일련 번호: BA96-FB87

 D:\workspace\database_workspace\dump 디렉터리

2020-09-09  오후 04:33    <DIR>          .
2020-09-09  오후 04:33    <DIR>          ..
2020-09-09  오후 04:24               693 animal.csv.csv
2020-09-09  오후 04:44               116 animal.ctl
               2개 파일                 809 바이트
               2개 디렉터리  901,042,360,320 바이트 남음

D:\workspace\database_workspace\dump>SQLLDR user0827/1234 control='animal.ctl' data='animal.csv'

SQL*Loader: Release 11.2.0.2.0 - Production on 수 9월 9 16:49:19 2020

Copyright (c) 1982, 2009, Oracle and/or its affiliates.  All rights reserved.

Commit point reached - logical record count 21



현재 계정안에 들어있는 모든 테이블 확인
SQL> select table_name from user_tables;

TABLE_NAME
------------------------------------------------------------
DEPT
EMP
ANIMAL