SQL> set line 200
SQL> set pagesize 50
SQL> --[join]
SQL> --inner join: Áö±Ý±îÁö »ç¿ëÇØ¿Ô´ø Á¶ÀÎ. Á¶ÀÎ´ë»ó Å×ÀÌºí¿¡¼­ °øÅëÀûÀÎ µ¥ÀÌÅÍ¸¸ °¡Á®¿Â´Ù
SQL> --outer join: °øÅëÀûÀÎ µ¥ÀÌÅÍ°¡ ¾ø´Â °æ¿ì¿¡µµ °¡Á®¿Ã ¼ö ÀÖ´Ù.
SQL> selet * from emp;
SP2-0734: unknown command beginning "selet * fr..." - rest of line ignored.
SQL> select * from emp;

     EMPNO ENAME                JOB                       MGR HIREDATE        SAL       COMM     DEPTNO                                                                                                 
---------- -------------------- ------------------ ---------- -------- ---------- ---------- ----------                                                                                                 
      7369 SMITH                CLERK                    7902 80/12/17        800                    20                                                                                                 
      7499 ALLEN                SALESMAN                 7698 81/02/20       1600        300         30                                                                                                 
      7521 WARD                 SALESMAN                 7698 81/02/22       1250        500         30                                                                                                 
      7566 JONES                MANAGER                  7839 81/04/02       2975                    20                                                                                                 
      7654 MARTIN               SALESMAN                 7698 81/09/28       1250       1400         30                                                                                                 
      7698 BLAKE                MANAGER                  7839 81/05/01       2850                    30                                                                                                 
      7782 CLARK                MANAGER                  7839 81/06/09       2450                    10                                                                                                 
      7788 SCOTT                ANALYST                  7566 87/04/19       3000                    20                                                                                                 
      7839 KING                 PRESIDENT                     81/11/17       5000                    10                                                                                                 
      7844 TURNER               SALESMAN                 7698 81/09/08       1500          0         30                                                                                                 
      7876 ADAMS                CLERK                    7788 87/05/23       1100                    20                                                                                                 
      7900 JAMES                CLERK                    7698 81/12/03        950                    30                                                                                                 
      7902 FORD                 ANALYST                  7566 81/12/03       3000                    20                                                                                                 
      7934 MILLER               CLERK                    7782 82/01/23       1300                    10                                                                                                 

14 rows selected.

SQL> select * from dept;

    DEPTNO DNAME                        LOC                                                                                                                                                             
---------- ---------------------------- --------------------------                                                                                                                                      
        10 ACCOUNTING                   NEW YORK                                                                                                                                                        
        20 RESEARCH                     DALLAS                                                                                                                                                          
        30 SALES                        CHICAGO                                                                                                                                                         
        40 OPERATIONS                   BOSTON                                                                                                                                                          

SQL> --ºÎ¼­¸í ºÎ¼­À§Ä¡, »ç¿ø¸í, ±Þ¿© Ãâ·Â
SQL> SELECT dname, loc, ename, sal
  2  FROM emp, dept
  3  WHERE dept.deptno=e.deptno;
WHERE dept.deptno=e.deptno
                  *
ERROR at line 3:
ORA-00904: "E"."DEPTNO": invalid identifier 


SQL> SELECT dname, loc, ename, sal
  2  FROM emp, dept
  3  WHERE dept.deptno=emp.deptno;

DNAME                        LOC                        ENAME                       SAL                                                                                                                 
---------------------------- -------------------------- -------------------- ----------                                                                                                                 
ACCOUNTING                   NEW YORK                   CLARK                      2450                                                                                                                 
ACCOUNTING                   NEW YORK                   KING                       5000                                                                                                                 
ACCOUNTING                   NEW YORK                   MILLER                     1300                                                                                                                 
RESEARCH                     DALLAS                     JONES                      2975                                                                                                                 
RESEARCH                     DALLAS                     FORD                       3000                                                                                                                 
RESEARCH                     DALLAS                     ADAMS                      1100                                                                                                                 
RESEARCH                     DALLAS                     SMITH                       800                                                                                                                 
RESEARCH                     DALLAS                     SCOTT                      3000                                                                                                                 
SALES                        CHICAGO                    WARD                       1250                                                                                                                 
SALES                        CHICAGO                    TURNER                     1500                                                                                                                 
SALES                        CHICAGO                    ALLEN                      1600                                                                                                                 
SALES                        CHICAGO                    JAMES                       950                                                                                                                 
SALES                        CHICAGO                    BLAKE                      2850                                                                                                                 
SALES                        CHICAGO                    MARTIN                     1250                                                                                                                 

14 rows selected.

SQL> SELECT deptno, dname, loc, ename, sal
  2  ed
  3  ;

*
ERROR at line 3:
ORA-00923: FROM keyword not found where expected 


SQL> ed
Wrote file afiedt.buf

  1  SELECT d.deptno, dname, loc, ename, sal
  2  FROM dept left outer join emp e
  3* ON d.deptno = e.deptno
  4  /
ON d.deptno = e.deptno
   *
ERROR at line 3:
ORA-00904: "D"."DEPTNO": invalid identifier 


SQL> ed
Wrote file afiedt.buf

  1  select d.deptno, dname, loc, ename, sal
  2  from dept d left outer join emp e
  3* on d.deptno=e.deptno
SQL> /

    DEPTNO DNAME                        LOC                        ENAME                       SAL                                                                                                      
---------- ---------------------------- -------------------------- -------------------- ----------                                                                                                      
        10 ACCOUNTING                   NEW YORK                   CLARK                      2450                                                                                                      
        10 ACCOUNTING                   NEW YORK                   KING                       5000                                                                                                      
        10 ACCOUNTING                   NEW YORK                   MILLER                     1300                                                                                                      
        20 RESEARCH                     DALLAS                     JONES                      2975                                                                                                      
        20 RESEARCH                     DALLAS                     FORD                       3000                                                                                                      
        20 RESEARCH                     DALLAS                     ADAMS                      1100                                                                                                      
        20 RESEARCH                     DALLAS                     SMITH                       800                                                                                                      
        20 RESEARCH                     DALLAS                     SCOTT                      3000                                                                                                      
        30 SALES                        CHICAGO                    WARD                       1250                                                                                                      
        30 SALES                        CHICAGO                    TURNER                     1500                                                                                                      
        30 SALES                        CHICAGO                    ALLEN                      1600                                                                                                      
        30 SALES                        CHICAGO                    JAMES                       950                                                                                                      
        30 SALES                        CHICAGO                    BLAKE                      2850                                                                                                      
        30 SALES                        CHICAGO                    MARTIN                     1250                                                                                                      
        40 OPERATIONS                   BOSTON                                                                                                                                                          

15 rows selected.

SQL> ed
Wrote file afiedt.buf

  1  select d.deptno, dname, loc, ename, sal
  2  from emp e right outer join dept d
  3* on d.deptno=e.deptno
SQL> /

    DEPTNO DNAME                        LOC                        ENAME                       SAL                                                                                                      
---------- ---------------------------- -------------------------- -------------------- ----------                                                                                                      
        10 ACCOUNTING                   NEW YORK                   CLARK                      2450                                                                                                      
        10 ACCOUNTING                   NEW YORK                   KING                       5000                                                                                                      
        10 ACCOUNTING                   NEW YORK                   MILLER                     1300                                                                                                      
        20 RESEARCH                     DALLAS                     JONES                      2975                                                                                                      
        20 RESEARCH                     DALLAS                     FORD                       3000                                                                                                      
        20 RESEARCH                     DALLAS                     ADAMS                      1100                                                                                                      
        20 RESEARCH                     DALLAS                     SMITH                       800                                                                                                      
        20 RESEARCH                     DALLAS                     SCOTT                      3000                                                                                                      
        30 SALES                        CHICAGO                    WARD                       1250                                                                                                      
        30 SALES                        CHICAGO                    TURNER                     1500                                                                                                      
        30 SALES                        CHICAGO                    ALLEN                      1600                                                                                                      
        30 SALES                        CHICAGO                    JAMES                       950                                                                                                      
        30 SALES                        CHICAGO                    BLAKE                      2850                                                                                                      
        30 SALES                        CHICAGO                    MARTIN                     1250                                                                                                      
        40 OPERATIONS                   BOSTON                                                                                                                                                          

15 rows selected.

SQL> select d.deptno, dname, ename
  2  from dept d, emp e
  3  where d.deptno=e.deptno
  4  ;

    DEPTNO DNAME                        ENAME                                                                                                                                                           
---------- ---------------------------- --------------------                                                                                                                                            
        10 ACCOUNTING                   CLARK                                                                                                                                                           
        10 ACCOUNTING                   KING                                                                                                                                                            
        10 ACCOUNTING                   MILLER                                                                                                                                                          
        20 RESEARCH                     JONES                                                                                                                                                           
        20 RESEARCH                     FORD                                                                                                                                                            
        20 RESEARCH                     ADAMS                                                                                                                                                           
        20 RESEARCH                     SMITH                                                                                                                                                           
        20 RESEARCH                     SCOTT                                                                                                                                                           
        30 SALES                        WARD                                                                                                                                                            
        30 SALES                        TURNER                                                                                                                                                          
        30 SALES                        ALLEN                                                                                                                                                           
        30 SALES                        JAMES                                                                                                                                                           
        30 SALES                        BLAKE                                                                                                                                                           
        30 SALES                        MARTIN                                                                                                                                                          

14 rows selected.

SQL> ed
Wrote file afiedt.buf

  1  SELECT d.deptno, dname, count(ename)
  2  FROM dept d, emp e
  3  WHERE d.deptno=e.deptno
  4* GROUP BY d.deptno, dname
SQL> /

    DEPTNO DNAME                        COUNT(ENAME)                                                                                                                                                    
---------- ---------------------------- ------------                                                                                                                                                    
        10 ACCOUNTING                              3                                                                                                                                                    
        20 RESEARCH                                5                                                                                                                                                    
        30 SALES                                   6                                                                                                                                                    

SQL> ed
Wrote file afiedt.buf

  1  SELECT d.deptno, dname, count(ename)
  2  FROM dept d LEFT OUTER JOIN emp e
  3  WHERE d.deptno=e.deptno
  4* GROUP BY d.deptno, dname
SQL> /
WHERE d.deptno=e.deptno
*
ERROR at line 3:
ORA-00905: missing keyword 


SQL> ED
Wrote file afiedt.buf

  1  SELECT d.deptno, dname, count(ename)
  2  FROM dept d LEFT OUTER JOIN emp e
  3  ON d.deptno=e.deptno
  4* GROUP BY d.deptno, dname
SQL> /

    DEPTNO DNAME                        COUNT(ENAME)                                                                                                                                                    
---------- ---------------------------- ------------                                                                                                                                                    
        10 ACCOUNTING                              3                                                                                                                                                    
        40 OPERATIONS                              0                                                                                                                                                    
        20 RESEARCH                                5                                                                                                                                                    
        30 SALES                                   6                                                                                                                                                    

SQL> ED
Wrote file afiedt.buf

  1  SELECT d.deptno, dname, count(ename)
  2  FROM dept d LEFT OUTER JOIN emp e
  3  ON d.deptno=e.deptno
  4  GROUP BY d.deptno, dname
  5* ORDER BY d.deptno ASC
SQL> /

    DEPTNO DNAME                        COUNT(ENAME)                                                                                                                                                    
---------- ---------------------------- ------------                                                                                                                                                    
        10 ACCOUNTING                              3                                                                                                                                                    
        20 RESEARCH                                5                                                                                                                                                    
        30 SALES                                   6                                                                                                                                                    
        40 OPERATIONS                              0                                                                                                                                                    

SQL> SELECT * FROM category;

CATEGORY_ID NAME                                                                                                                                                                                        
----------- ----------------------------------------                                                                                                                                                    
          1 »óÀÇ                                                                                                                                                                                        
          2 ÇÏÀÇ                                                                                                                                                                                        
          3 ¾×¼¼¼­¸®                                                                                                                                                                                    
          4 ½Å¹ß                                                                                                                                                                                        

SQL> SELECT * FROM product;

PRODUCT_ID CATEGORY_ID CODE                                     PRODUCT_NAME                                  PRICE                                                                                     
---------- ----------- ---------------------------------------- ---------------------------------------- ----------                                                                                     
         1           1 JE0007                                   ½ºÅ°´ÏÃ»¹ÙÁö                                  30000                                                                                     
         2           1 JE0007                                   ½ºÅ°´ÏÃ»¹ÙÁö                                  30000                                                                                     
         3           1 JE0007                                   ½ºÅ°´ÏÃ»¹ÙÁö                                  30000                                                                                     
         4           1 JE0007                                   ½ºÅ°´ÏÃ»¹ÙÁö                                  30000                                                                                     
         5           1 JE0007                                   ½ºÅ°´ÏÃ»¹ÙÁö                                  30000                                                                                     
         6           1 JE0007                                   ½ºÅ°´ÏÃ»¹ÙÁö                                  30000                                                                                     
         7           1 JE0007                                   ½ºÅ°´ÏÃ»¹ÙÁö                                  30000                                                                                     
         8           1 JE0007                                   ½ºÅ°´ÏÃ»¹ÙÁö                                  30000                                                                                     
         9           1 JE0007                                   ½ºÅ°´ÏÃ»¹ÙÁö                                  30000                                                                                     
        10           1 JE0007                                   ½ºÅ°´ÏÃ»¹ÙÁö                                  30000                                                                                     
        11           1 JE0007                                   ½ºÅ°´ÏÃ»¹ÙÁö                                  30000                                                                                     
        12           1 JE0007                                   ½ºÅ°´ÏÃ»¹ÙÁö                                  30000                                                                                     
        13           1 JE0007                                   ½ºÅ°´ÏÃ»¹ÙÁö                                  30000                                                                                     
        14           1 JE0007                                   ½ºÅ°´ÏÃ»¹ÙÁö                                  30000                                                                                     
        15           1 JE0007                                   ½ºÅ°´ÏÃ»¹ÙÁö                                  30000                                                                                     
        16           1 JE0007                                   ½ºÅ°´ÏÃ»¹ÙÁö                                  30000                                                                                     
        17           1 JE0007                                   ½ºÅ°´ÏÃ»¹ÙÁö                                  30000                                                                                     

17 rows selected.

SQL> ed
Wrote file afiedt.buf

  1* SELECT * FROM product
SQL> /

PRODUCT_ID CATEGORY_ID CODE                                     PRODUCT_NAME                                  PRICE                                                                                     
---------- ----------- ---------------------------------------- ---------------------------------------- ----------                                                                                     
         1           1 JE0007                                   ½ºÅ°´ÏÃ»¹ÙÁö                                  30000                                                                                     
         2           1 JE0007                                   ½ºÅ°´ÏÃ»¹ÙÁö                                  30000                                                                                     
         3           1 JE0007                                   ½ºÅ°´ÏÃ»¹ÙÁö                                  30000                                                                                     
         4           1 JE0007                                   ½ºÅ°´ÏÃ»¹ÙÁö                                  30000                                                                                     
         5           1 JE0007                                   ½ºÅ°´ÏÃ»¹ÙÁö                                  30000                                                                                     
         6           1 JE0007                                   ½ºÅ°´ÏÃ»¹ÙÁö                                  30000                                                                                     
         7           1 JE0007                                   ½ºÅ°´ÏÃ»¹ÙÁö                                  30000                                                                                     
         8           1 JE0007                                   ½ºÅ°´ÏÃ»¹ÙÁö                                  30000                                                                                     
         9           1 JE0007                                   ½ºÅ°´ÏÃ»¹ÙÁö                                  30000                                                                                     
        10           1 JE0007                                   ½ºÅ°´ÏÃ»¹ÙÁö                                  30000                                                                                     
        11           1 JE0007                                   ½ºÅ°´ÏÃ»¹ÙÁö                                  30000                                                                                     
        12           1 JE0007                                   ½ºÅ°´ÏÃ»¹ÙÁö                                  30000                                                                                     
        13           1 JE0007                                   ½ºÅ°´ÏÃ»¹ÙÁö                                  30000                                                                                     
        14           1 JE0007                                   ½ºÅ°´ÏÃ»¹ÙÁö                                  30000                                                                                     
        15           1 JE0007                                   ½ºÅ°´ÏÃ»¹ÙÁö                                  30000                                                                                     
        16           1 JE0007                                   ½ºÅ°´ÏÃ»¹ÙÁö                                  30000                                                                                     
        17           1 JE0007                                   ½ºÅ°´ÏÃ»¹ÙÁö                                  30000                                                                                     

17 rows selected.

SQL> SELECT c.category_id, name, count(code)
  2  FROM category c LEFT OUTER JOIN product p
  3  ON c.category_id=p.category_id
  4  GROUP BY c.category, name
  5  ORDER BY c.category ASC;
ORDER BY c.category ASC
         *
ERROR at line 5:
ORA-00904: "C"."CATEGORY": invalid identifier 


SQL> ED
Wrote file afiedt.buf

  1  SELECT c.category_id, name, count(code)
  2  FROM category c LEFT OUTER JOIN product p
  3  ON c.category_id=p.category_id
  4  GROUP BY c.category_id, name
  5* ORDER BY c.category_id ASC
SQL> /

CATEGORY_ID NAME                                     COUNT(CODE)                                                                                                                                        
----------- ---------------------------------------- -----------                                                                                                                                        
          1 »óÀÇ                                              17                                                                                                                                        
          2 ÇÏÀÇ                                               0                                                                                                                                        
          3 ¾×¼¼¼­¸®                                           0                                                                                                                                        
          4 ½Å¹ß                                               0                                                                                                                                        

SQL> ed
Wrote file afiedt.buf

  1  SELECT c.category_id, name, count(code) as 'ë“±ë¡ìƒí’ˆìˆ˜'
  2  FROM category c LEFT OUTER JOIN product p
  3  ON c.category_id=p.category_id
  4  GROUP BY c.category_id, name
  5* ORDER BY c.category_id ASC
SQL> /
ERROR:
ORA-01756: quoted string not properly terminated 


SQL> ed
Wrote file afiedt.buf

  1  SELECT c.category_id, name, count(code) as ë“±ë¡ìƒí’ˆìˆ˜

  2  FROM category c LEFT OUTER JOIN product p
  3  ON c.category_id=p.category_id
  4  GROUP BY c.category_id, name
  5* ORDER BY c.category_id ASC
SQL> /

CATEGORY_ID NAME                                     £¿±ë¡£¿í’ˆ£¿£¿                                                                                                                                   
----------- ---------------------------------------- ----------------                                                                                                                                   
          1 »óÀÇ                                                   17                                                                                                                                   
          2 ÇÏÀÇ                                                    0                                                                                                                                   
          3 ¾×¼¼¼­¸®                                                0                                                                                                                                   
          4 ½Å¹ß                                                    0                                                                                                                                   

SQL> ed
Wrote file afiedt.buf

  1  SELECT c.category_id, name, count(product_id) as ë“±ë¡ìƒí’ˆìˆ˜

  2  FROM category c LEFT OUTER JOIN product p
  3  ON c.category_id=p.category_id
  4  GROUP BY c.category_id, name
  5* ORDER BY c.category_id ASC
SQL> /

CATEGORY_ID NAME                                     £¿±ë¡£¿í’ˆ£¿£¿                                                                                                                                   
----------- ---------------------------------------- ----------------                                                                                                                                   
          1 »óÀÇ                                                   17                                                                                                                                   
          2 ÇÏÀÇ                                                    0                                                                                                                                   
          3 ¾×¼¼¼­¸®                                                0                                                                                                                                   
          4 ½Å¹ß                                                    0                                                                                                                                   

SQL> SELECT c.category_id, name, count(product_id) as µî·Ï»óÇ°¼ö
  2  FROM category c LEFT OUTER JOIN product p
  3  ON c.category_id=p.category_id
  4  GROUP BY c.category_id, name
  5  ORDER BY c.category_id ASC;

CATEGORY_ID NAME                                     µî·Ï»óÇ°¼ö                                                                                                                                         
----------- ---------------------------------------- ----------                                                                                                                                         
          1 »óÀÇ                                             17                                                                                                                                         
          2 ÇÏÀÇ                                              0                                                                                                                                         
          3 ¾×¼¼¼­¸®                                          0                                                                                                                                         
          4 ½Å¹ß                                              0                                                                                                                                         

SQL> spool off
